******************************************************************************
                  TI ARM Linker PC v16.9.0                     
******************************************************************************
>> Linked Mon Sep 04 09:24:16 2017

OUTPUT FILE NAME:   <flash_logger.out>
ENTRY POINT SYMBOL: "_c_int00"  address: 000006b9


MEMORY CONFIGURATION

         name            origin    length      used     unused   attr    fill
----------------------  --------  ---------  --------  --------  ----  --------
  FLASH                 00000000   00040000  00000872  0003f78e  R  X
  SRAM                  20000000   00008000  00000428  00007bd8  RW X


SEGMENT ALLOCATION MAP

run origin  load origin   length   init length attrs members
----------  ----------- ---------- ----------- ----- -------
00000000    00000000    00000878   00000878    r-x
  00000000    00000000    0000026c   0000026c    r-- .intvecs
  0000026c    0000026c    000005ce   000005ce    r-x .text
  00000840    00000840    00000038   00000038    r-- .cinit
20000000    20000000    00000428   00000000    rw-
  20000000    20000000    00000210   00000000    rw- .bss
  20000210    20000210    00000200   00000000    rw- .stack
  20000410    20000410    00000018   00000000    rw- .data


SECTION ALLOCATION MAP

 output                                  attributes/
section   page    origin      length       input sections
--------  ----  ----------  ----------   ----------------
.intvecs   0    00000000    0000026c     
                  00000000    0000026c     startup_ccs.obj (.intvecs)

.text      0    0000026c    000005ce     
                  0000026c    000000f4     driverlib.lib : sysctl.obj (.text:SysCtlClockSet)
                  00000360    0000009c     rtsv7M4_T_le_v4SPD16_eabi.lib : memcpy_t2.obj (.text)
                  000003fc    00000090     blinky.obj (.text:main)
                  0000048c    0000007a     rtsv7M4_T_le_v4SPD16_eabi.lib : memset_t2.obj (.text)
                  00000506    00000002     startup_ccs.obj (.text:FaultISR)
                  00000508    00000070     blinky.obj (.text:datalog_write_buffer)
                  00000578    00000070     rtsv7M4_T_le_v4SPD16_eabi.lib : autoinit.obj (.text)
                  000005e8    00000068     driverlib.lib : flash.obj (.text:FlashProgram)
                  00000650    00000068     rtsv7M4_T_le_v4SPD16_eabi.lib : copy_decompress_lzss.obj (.text:decompress:lzss)
                  000006b8    00000054                                   : boot.obj (.text)
                  0000070c    00000054                                   : exit.obj (.text)
                  00000760    0000004c                                   : cpy_tbl.obj (.text)
                  000007ac    00000030     driverlib.lib : flash.obj (.text:FlashErase)
                  000007dc    00000018     rtsv7M4_T_le_v4SPD16_eabi.lib : args_main.obj (.text)
                  000007f4    00000014                                   : _lock.obj (.text)
                  00000808    0000000e                                   : copy_decompress_none.obj (.text:decompress:none)
                  00000816    0000000c                                   : copy_zero_init.obj (.text:decompress:ZI)
                  00000822    00000006     startup_ccs.obj (.text:ResetISR)
                  00000828    00000006     driverlib.lib : sysctl.obj (.text:SysCtlDelay)
                  0000082e    00000004     rtsv7M4_T_le_v4SPD16_eabi.lib : pre_init.obj (.text)
                  00000832    00000002     startup_ccs.obj (.text:IntDefaultHandler)
                  00000834    00000002     startup_ccs.obj (.text:NmiSR)
                  00000836    00000002     rtsv7M4_T_le_v4SPD16_eabi.lib : mpu_init.obj (.text)
                  00000838    00000002                                   : startup.obj (.text)

.cinit     0    00000840    00000038     
                  00000840    00000011     (.cinit..data.load) [load image, compression = lzss]
                  00000851    00000003     --HOLE-- [fill = 0]
                  00000854    0000000c     (__TI_handler_table)
                  00000860    00000008     (.cinit..bss.load) [load image, compression = zero_init]
                  00000868    00000010     (__TI_cinit_table)

.init_array 
*          0    00000000    00000000     UNINITIALIZED

.bss       0    20000000    00000210     UNINITIALIZED
                  20000000    00000210     (.common:sDatalog)

.stack     0    20000210    00000200     UNINITIALIZED
                  20000210    00000200     --HOLE--

.data      0    20000410    00000018     UNINITIALIZED
                  20000410    0000000c     rtsv7M4_T_le_v4SPD16_eabi.lib : exit.obj (.data:$O1$$)
                  2000041c    00000008                                   : _lock.obj (.data:$O1$$)
                  20000424    00000004                                   : stkdepth_vars.obj (.data)

MODULE SUMMARY

       Module                     code   ro data   rw data
       ------                     ----   -------   -------
    .\
       blinky.obj                 256    0         528    
       startup_ccs.obj            12     620       0      
    +--+--------------------------+------+---------+---------+
       Total:                     268    620       528    
                                                          
    ../driverlib.lib
       sysctl.obj                 250    0         0      
       flash.obj                  152    0         0      
    +--+--------------------------+------+---------+---------+
       Total:                     402    0         0      
                                                          
    C:\ti\ccsv7\tools\compiler\ti-cgt-arm_16.9.0.LTS\lib\rtsv7M4_T_le_v4SPD16_eabi.lib
       memcpy_t2.obj              156    0         0      
       memset_t2.obj              122    0         0      
       autoinit.obj               112    0         0      
       copy_decompress_lzss.obj   104    0         0      
       exit.obj                   84     0         12     
       boot.obj                   84     0         0      
       cpy_tbl.obj                76     0         0      
       _lock.obj                  20     0         8      
       args_main.obj              24     0         0      
       copy_decompress_none.obj   14     0         0      
       copy_zero_init.obj         12     0         0      
       pre_init.obj               4      0         0      
       stkdepth_vars.obj          0      0         4      
       mpu_init.obj               2      0         0      
       startup.obj                2      0         0      
    +--+--------------------------+------+---------+---------+
       Total:                     816    0         24     
                                                          
       Stack:                     0      0         512    
       Linker Generated:          0      53        0      
    +--+--------------------------+------+---------+---------+
       Grand Total:               1486   673       1064   


LINKER GENERATED COPY TABLES

__TI_cinit_table @ 00000868 records: 2, size/record: 8, table size: 16
	.data: load addr=00000840, load size=00000011 bytes, run addr=20000410, run size=00000018 bytes, compression=lzss
	.bss: load addr=00000860, load size=00000008 bytes, run addr=20000000, run size=00000210 bytes, compression=zero_init


LINKER GENERATED HANDLER TABLE

__TI_handler_table @ 00000854 records: 3, size/record: 4, table size: 12
	index: 0, handler: __TI_decompress_lzss
	index: 1, handler: __TI_decompress_none
	index: 2, handler: __TI_zero_init


GLOBAL SYMBOLS: SORTED ALPHABETICALLY BY Name 

address   name                           
-------   ----                           
0000070d  C$$EXIT                        
000007ad  FlashErase                     
000005e9  FlashProgram                   
00000823  ResetISR                       
UNDEFED   SHT$$INIT_ARRAY$$Base          
UNDEFED   SHT$$INIT_ARRAY$$Limit         
0000026d  SysCtlClockSet                 
00000829  SysCtlDelay                    
20000410  __STACK_END                    
00000200  __STACK_SIZE                   
20000410  __STACK_TOP                    
00000868  __TI_CINIT_Base                
00000878  __TI_CINIT_Limit               
00000854  __TI_Handler_Table_Base        
00000860  __TI_Handler_Table_Limit       
00000579  __TI_auto_init                 
20000410  __TI_cleanup_ptr               
00000651  __TI_decompress_lzss           
00000809  __TI_decompress_none           
20000414  __TI_dtors_ptr                 
20000418  __TI_enable_exit_profile_output
ffffffff  __TI_pprof_out_hndl            
ffffffff  __TI_prof_data_size            
ffffffff  __TI_prof_data_start           
00000000  __TI_static_base__             
00000817  __TI_zero_init                 
0000048d  __aeabi_memclr                 
0000048d  __aeabi_memclr4                
0000048d  __aeabi_memclr8                
00000361  __aeabi_memcpy                 
00000361  __aeabi_memcpy4                
00000361  __aeabi_memcpy8                
0000048f  __aeabi_memset                 
0000048f  __aeabi_memset4                
0000048f  __aeabi_memset8                
ffffffff  __binit__                      
ffffffff  __c_args__                     
00000837  __mpu_init                     
20000210  __stack                        
000007dd  _args_main                     
000006b9  _c_int00                       
2000041c  _lock                          
00000803  _nop                           
000007fb  _register_lock                 
000007f5  _register_unlock               
00000839  _system_post_cinit             
0000082f  _system_pre_init               
20000420  _unlock                        
00000711  abort                          
ffffffff  binit                          
00000761  copy_in                        
00000509  datalog_write_buffer           
00000719  exit                           
00000000  g_pfnVectors                   
000003fd  main                           
20000424  main_func_sp                   
00000361  memcpy                         
00000495  memset                         
20000000  sDatalog                       


GLOBAL SYMBOLS: SORTED BY Symbol Address 

address   name                           
-------   ----                           
00000000  __TI_static_base__             
00000000  g_pfnVectors                   
00000200  __STACK_SIZE                   
0000026d  SysCtlClockSet                 
00000361  __aeabi_memcpy                 
00000361  __aeabi_memcpy4                
00000361  __aeabi_memcpy8                
00000361  memcpy                         
000003fd  main                           
0000048d  __aeabi_memclr                 
0000048d  __aeabi_memclr4                
0000048d  __aeabi_memclr8                
0000048f  __aeabi_memset                 
0000048f  __aeabi_memset4                
0000048f  __aeabi_memset8                
00000495  memset                         
00000509  datalog_write_buffer           
00000579  __TI_auto_init                 
000005e9  FlashProgram                   
00000651  __TI_decompress_lzss           
000006b9  _c_int00                       
0000070d  C$$EXIT                        
00000711  abort                          
00000719  exit                           
00000761  copy_in                        
000007ad  FlashErase                     
000007dd  _args_main                     
000007f5  _register_unlock               
000007fb  _register_lock                 
00000803  _nop                           
00000809  __TI_decompress_none           
00000817  __TI_zero_init                 
00000823  ResetISR                       
00000829  SysCtlDelay                    
0000082f  _system_pre_init               
00000837  __mpu_init                     
00000839  _system_post_cinit             
00000854  __TI_Handler_Table_Base        
00000860  __TI_Handler_Table_Limit       
00000868  __TI_CINIT_Base                
00000878  __TI_CINIT_Limit               
20000000  sDatalog                       
20000210  __stack                        
20000410  __STACK_END                    
20000410  __STACK_TOP                    
20000410  __TI_cleanup_ptr               
20000414  __TI_dtors_ptr                 
20000418  __TI_enable_exit_profile_output
2000041c  _lock                          
20000420  _unlock                        
20000424  main_func_sp                   
ffffffff  __TI_pprof_out_hndl            
ffffffff  __TI_prof_data_size            
ffffffff  __TI_prof_data_start           
ffffffff  __binit__                      
ffffffff  __c_args__                     
ffffffff  binit                          
UNDEFED   SHT$$INIT_ARRAY$$Base          
UNDEFED   SHT$$INIT_ARRAY$$Limit         

[59 symbols]
